Archive member included to satisfy reference by file (symbol)

c:/st/stm32cubeide_1.2.0/stm32cubeide/plugins/com.st.stm32cube.ide.mcu.externaltools.gnu-tools-for-stm32.7-2018-q2-update.win32_1.0.0.201904181610/tools/bin/../lib/gcc/arm-none-eabi/7.3.1/../../../../arm-none-eabi/lib/thumb/v7-m\libc_nano.a(lib_a-errno.o)
                              src/syscalls.o (__errno)
c:/st/stm32cubeide_1.2.0/stm32cubeide/plugins/com.st.stm32cube.ide.mcu.externaltools.gnu-tools-for-stm32.7-2018-q2-update.win32_1.0.0.201904181610/tools/bin/../lib/gcc/arm-none-eabi/7.3.1/../../../../arm-none-eabi/lib/thumb/v7-m\libc_nano.a(lib_a-exit.o)
                              c:/st/stm32cubeide_1.2.0/stm32cubeide/plugins/com.st.stm32cube.ide.mcu.externaltools.gnu-tools-for-stm32.7-2018-q2-update.win32_1.0.0.201904181610/tools/bin/../lib/gcc/arm-none-eabi/7.3.1/../../../../arm-none-eabi/lib/thumb/v7-m/crt0.o (exit)
c:/st/stm32cubeide_1.2.0/stm32cubeide/plugins/com.st.stm32cube.ide.mcu.externaltools.gnu-tools-for-stm32.7-2018-q2-update.win32_1.0.0.201904181610/tools/bin/../lib/gcc/arm-none-eabi/7.3.1/../../../../arm-none-eabi/lib/thumb/v7-m\libc_nano.a(lib_a-impure.o)
                              c:/st/stm32cubeide_1.2.0/stm32cubeide/plugins/com.st.stm32cube.ide.mcu.externaltools.gnu-tools-for-stm32.7-2018-q2-update.win32_1.0.0.201904181610/tools/bin/../lib/gcc/arm-none-eabi/7.3.1/../../../../arm-none-eabi/lib/thumb/v7-m\libc_nano.a(lib_a-exit.o) (_global_impure_ptr)
c:/st/stm32cubeide_1.2.0/stm32cubeide/plugins/com.st.stm32cube.ide.mcu.externaltools.gnu-tools-for-stm32.7-2018-q2-update.win32_1.0.0.201904181610/tools/bin/../lib/gcc/arm-none-eabi/7.3.1/../../../../arm-none-eabi/lib/thumb/v7-m\libc_nano.a(lib_a-init.o)
                              c:/st/stm32cubeide_1.2.0/stm32cubeide/plugins/com.st.stm32cube.ide.mcu.externaltools.gnu-tools-for-stm32.7-2018-q2-update.win32_1.0.0.201904181610/tools/bin/../lib/gcc/arm-none-eabi/7.3.1/../../../../arm-none-eabi/lib/thumb/v7-m/crt0.o (__libc_init_array)
c:/st/stm32cubeide_1.2.0/stm32cubeide/plugins/com.st.stm32cube.ide.mcu.externaltools.gnu-tools-for-stm32.7-2018-q2-update.win32_1.0.0.201904181610/tools/bin/../lib/gcc/arm-none-eabi/7.3.1/../../../../arm-none-eabi/lib/thumb/v7-m\libc_nano.a(lib_a-memset.o)
                              c:/st/stm32cubeide_1.2.0/stm32cubeide/plugins/com.st.stm32cube.ide.mcu.externaltools.gnu-tools-for-stm32.7-2018-q2-update.win32_1.0.0.201904181610/tools/bin/../lib/gcc/arm-none-eabi/7.3.1/../../../../arm-none-eabi/lib/thumb/v7-m/crt0.o (memset)

Discarded input sections

 .text          0x0000000000000000        0x0 c:/st/stm32cubeide_1.2.0/stm32cubeide/plugins/com.st.stm32cube.ide.mcu.externaltools.gnu-tools-for-stm32.7-2018-q2-update.win32_1.0.0.201904181610/tools/bin/../lib/gcc/arm-none-eabi/7.3.1/thumb/v7-m/crti.o
 .data          0x0000000000000000        0x0 c:/st/stm32cubeide_1.2.0/stm32cubeide/plugins/com.st.stm32cube.ide.mcu.externaltools.gnu-tools-for-stm32.7-2018-q2-update.win32_1.0.0.201904181610/tools/bin/../lib/gcc/arm-none-eabi/7.3.1/thumb/v7-m/crti.o
 .bss           0x0000000000000000        0x0 c:/st/stm32cubeide_1.2.0/stm32cubeide/plugins/com.st.stm32cube.ide.mcu.externaltools.gnu-tools-for-stm32.7-2018-q2-update.win32_1.0.0.201904181610/tools/bin/../lib/gcc/arm-none-eabi/7.3.1/thumb/v7-m/crti.o
 .data          0x0000000000000000        0x4 c:/st/stm32cubeide_1.2.0/stm32cubeide/plugins/com.st.stm32cube.ide.mcu.externaltools.gnu-tools-for-stm32.7-2018-q2-update.win32_1.0.0.201904181610/tools/bin/../lib/gcc/arm-none-eabi/7.3.1/thumb/v7-m/crtbegin.o
 .text          0x0000000000000000       0x74 c:/st/stm32cubeide_1.2.0/stm32cubeide/plugins/com.st.stm32cube.ide.mcu.externaltools.gnu-tools-for-stm32.7-2018-q2-update.win32_1.0.0.201904181610/tools/bin/../lib/gcc/arm-none-eabi/7.3.1/../../../../arm-none-eabi/lib/thumb/v7-m/crt0.o
 .data          0x0000000000000000        0x0 c:/st/stm32cubeide_1.2.0/stm32cubeide/plugins/com.st.stm32cube.ide.mcu.externaltools.gnu-tools-for-stm32.7-2018-q2-update.win32_1.0.0.201904181610/tools/bin/../lib/gcc/arm-none-eabi/7.3.1/../../../../arm-none-eabi/lib/thumb/v7-m/crt0.o
 .bss           0x0000000000000000        0x0 c:/st/stm32cubeide_1.2.0/stm32cubeide/plugins/com.st.stm32cube.ide.mcu.externaltools.gnu-tools-for-stm32.7-2018-q2-update.win32_1.0.0.201904181610/tools/bin/../lib/gcc/arm-none-eabi/7.3.1/../../../../arm-none-eabi/lib/thumb/v7-m/crt0.o
 .ARM.extab     0x0000000000000000        0x0 c:/st/stm32cubeide_1.2.0/stm32cubeide/plugins/com.st.stm32cube.ide.mcu.externaltools.gnu-tools-for-stm32.7-2018-q2-update.win32_1.0.0.201904181610/tools/bin/../lib/gcc/arm-none-eabi/7.3.1/../../../../arm-none-eabi/lib/thumb/v7-m/crt0.o
 .ARM.exidx     0x0000000000000000        0x8 c:/st/stm32cubeide_1.2.0/stm32cubeide/plugins/com.st.stm32cube.ide.mcu.externaltools.gnu-tools-for-stm32.7-2018-q2-update.win32_1.0.0.201904181610/tools/bin/../lib/gcc/arm-none-eabi/7.3.1/../../../../arm-none-eabi/lib/thumb/v7-m/crt0.o
 .ARM.attributes
                0x0000000000000000       0x1b c:/st/stm32cubeide_1.2.0/stm32cubeide/plugins/com.st.stm32cube.ide.mcu.externaltools.gnu-tools-for-stm32.7-2018-q2-update.win32_1.0.0.201904181610/tools/bin/../lib/gcc/arm-none-eabi/7.3.1/../../../../arm-none-eabi/lib/thumb/v7-m/crt0.o
 .group         0x0000000000000000        0xc drivers/CMSIS/src/system_stm32f1xx.o
 .group         0x0000000000000000        0xc drivers/CMSIS/src/system_stm32f1xx.o
 .group         0x0000000000000000        0xc drivers/CMSIS/src/system_stm32f1xx.o
 .group         0x0000000000000000        0xc drivers/CMSIS/src/system_stm32f1xx.o
 .group         0x0000000000000000        0xc drivers/CMSIS/src/system_stm32f1xx.o
 .group         0x0000000000000000        0xc drivers/CMSIS/src/system_stm32f1xx.o
 .group         0x0000000000000000        0xc drivers/CMSIS/src/system_stm32f1xx.o
 .group         0x0000000000000000        0xc drivers/CMSIS/src/system_stm32f1xx.o
 .group         0x0000000000000000        0xc drivers/CMSIS/src/system_stm32f1xx.o
 .group         0x0000000000000000        0xc drivers/CMSIS/src/system_stm32f1xx.o
 .group         0x0000000000000000        0xc drivers/CMSIS/src/system_stm32f1xx.o
 .group         0x0000000000000000        0xc drivers/CMSIS/src/system_stm32f1xx.o
 .group         0x0000000000000000        0xc drivers/CMSIS/src/system_stm32f1xx.o
 .group         0x0000000000000000        0xc drivers/CMSIS/src/system_stm32f1xx.o
 .group         0x0000000000000000        0xc drivers/CMSIS/src/system_stm32f1xx.o
 .text          0x0000000000000000        0x0 drivers/CMSIS/src/system_stm32f1xx.o
 .data          0x0000000000000000        0x0 drivers/CMSIS/src/system_stm32f1xx.o
 .bss           0x0000000000000000        0x0 drivers/CMSIS/src/system_stm32f1xx.o
 .data.SystemCoreClock
                0x0000000000000000        0x4 drivers/CMSIS/src/system_stm32f1xx.o
 .rodata.AHBPrescTable
                0x0000000000000000       0x10 drivers/CMSIS/src/system_stm32f1xx.o
 .rodata.APBPrescTable
                0x0000000000000000        0x8 drivers/CMSIS/src/system_stm32f1xx.o
 .text.SystemCoreClockUpdate
                0x0000000000000000       0xd8 drivers/CMSIS/src/system_stm32f1xx.o
 .group         0x0000000000000000        0xc src/main.o
 .group         0x0000000000000000        0xc src/main.o
 .group         0x0000000000000000        0xc src/main.o
 .group         0x0000000000000000        0xc src/main.o
 .group         0x0000000000000000        0xc src/main.o
 .group         0x0000000000000000        0xc src/main.o
 .group         0x0000000000000000        0xc src/main.o
 .group         0x0000000000000000        0xc src/main.o
 .group         0x0000000000000000        0xc src/main.o
 .group         0x0000000000000000        0xc src/main.o
 .group         0x0000000000000000        0xc src/main.o
 .group         0x0000000000000000        0xc src/main.o
 .group         0x0000000000000000        0xc src/main.o
 .group         0x0000000000000000        0xc src/main.o
 .group         0x0000000000000000        0xc src/main.o
 .text          0x0000000000000000        0x0 src/main.o
 .data          0x0000000000000000        0x0 src/main.o
 .bss           0x0000000000000000        0x0 src/main.o
 .debug_macro   0x0000000000000000      0xa66 src/main.o
 .debug_macro   0x0000000000000000       0x28 src/main.o
 .debug_macro   0x0000000000000000       0x22 src/main.o
 .debug_macro   0x0000000000000000       0x22 src/main.o
 .debug_macro   0x0000000000000000       0x8e src/main.o
 .debug_macro   0x0000000000000000       0x51 src/main.o
 .debug_macro   0x0000000000000000       0xef src/main.o
 .debug_macro   0x0000000000000000       0x6a src/main.o
 .debug_macro   0x0000000000000000      0x1df src/main.o
 .debug_macro   0x0000000000000000       0x1c src/main.o
 .debug_macro   0x0000000000000000       0x22 src/main.o
 .debug_macro   0x0000000000000000       0xc3 src/main.o
 .debug_macro   0x0000000000000000      0xd23 src/main.o
 .debug_macro   0x0000000000000000     0xe09e src/main.o
 .debug_macro   0x0000000000000000       0x43 src/main.o
 .group         0x0000000000000000        0xc src/syscalls.o
 .group         0x0000000000000000        0xc src/syscalls.o
 .group         0x0000000000000000        0xc src/syscalls.o
 .group         0x0000000000000000        0xc src/syscalls.o
 .group         0x0000000000000000        0xc src/syscalls.o
 .group         0x0000000000000000        0xc src/syscalls.o
 .group         0x0000000000000000        0xc src/syscalls.o
 .group         0x0000000000000000        0xc src/syscalls.o
 .group         0x0000000000000000        0xc src/syscalls.o
 .group         0x0000000000000000        0xc src/syscalls.o
 .group         0x0000000000000000        0xc src/syscalls.o
 .group         0x0000000000000000        0xc src/syscalls.o
 .group         0x0000000000000000        0xc src/syscalls.o
 .group         0x0000000000000000        0xc src/syscalls.o
 .group         0x0000000000000000        0xc src/syscalls.o
 .group         0x0000000000000000        0xc src/syscalls.o
 .group         0x0000000000000000        0xc src/syscalls.o
 .group         0x0000000000000000        0xc src/syscalls.o
 .group         0x0000000000000000        0xc src/syscalls.o
 .group         0x0000000000000000        0xc src/syscalls.o
 .group         0x0000000000000000        0xc src/syscalls.o
 .group         0x0000000000000000        0xc src/syscalls.o
 .group         0x0000000000000000        0xc src/syscalls.o
 .group         0x0000000000000000        0xc src/syscalls.o
 .group         0x0000000000000000        0xc src/syscalls.o
 .group         0x0000000000000000        0xc src/syscalls.o
 .group         0x0000000000000000        0xc src/syscalls.o
 .group         0x0000000000000000        0xc src/syscalls.o
 .group         0x0000000000000000        0xc src/syscalls.o
 .group         0x0000000000000000        0xc src/syscalls.o
 .group         0x0000000000000000        0xc src/syscalls.o
 .group         0x0000000000000000        0xc src/syscalls.o
 .group         0x0000000000000000        0xc src/syscalls.o
 .group         0x0000000000000000        0xc src/syscalls.o
 .group         0x0000000000000000        0xc src/syscalls.o
 .group         0x0000000000000000        0xc src/syscalls.o
 .group         0x0000000000000000        0xc src/syscalls.o
 .group         0x0000000000000000        0xc src/syscalls.o
 .group         0x0000000000000000        0xc src/syscalls.o
 .group         0x0000000000000000        0xc src/syscalls.o
 .group         0x0000000000000000        0xc src/syscalls.o
 .group         0x0000000000000000        0xc src/syscalls.o
 .group         0x0000000000000000        0xc src/syscalls.o
 .group         0x0000000000000000        0xc src/syscalls.o
 .text          0x0000000000000000        0x0 src/syscalls.o
 .data          0x0000000000000000        0x0 src/syscalls.o
 .bss           0x0000000000000000        0x0 src/syscalls.o
 .bss.__env     0x0000000000000000        0x4 src/syscalls.o
 .data.environ  0x0000000000000000        0x4 src/syscalls.o
 .text.initialise_monitor_handles
                0x0000000000000000        0xc src/syscalls.o
 .text._getpid  0x0000000000000000        0xe src/syscalls.o
 .text._kill    0x0000000000000000       0x20 src/syscalls.o
 .text._exit    0x0000000000000000       0x14 src/syscalls.o
 .text._read    0x0000000000000000       0x3a src/syscalls.o
 .text._write   0x0000000000000000       0x38 src/syscalls.o
 .text._close   0x0000000000000000       0x16 src/syscalls.o
 .text._fstat   0x0000000000000000       0x1e src/syscalls.o
 .text._isatty  0x0000000000000000       0x14 src/syscalls.o
 .text._lseek   0x0000000000000000       0x18 src/syscalls.o
 .text._open    0x0000000000000000       0x1a src/syscalls.o
 .text._wait    0x0000000000000000       0x1e src/syscalls.o
 .text._unlink  0x0000000000000000       0x1e src/syscalls.o
 .text._times   0x0000000000000000       0x16 src/syscalls.o
 .text._stat    0x0000000000000000       0x1e src/syscalls.o
 .text._link    0x0000000000000000       0x20 src/syscalls.o
 .text._fork    0x0000000000000000       0x16 src/syscalls.o
 .text._execve  0x0000000000000000       0x22 src/syscalls.o
 .debug_info    0x0000000000000000      0xebd src/syscalls.o
 .debug_abbrev  0x0000000000000000      0x261 src/syscalls.o
 .debug_aranges
                0x0000000000000000       0xa8 src/syscalls.o
 .debug_ranges  0x0000000000000000       0x98 src/syscalls.o
 .debug_macro   0x0000000000000000      0x243 src/syscalls.o
 .debug_macro   0x0000000000000000      0xa66 src/syscalls.o
 .debug_macro   0x0000000000000000       0x22 src/syscalls.o
 .debug_macro   0x0000000000000000       0x40 src/syscalls.o
 .debug_macro   0x0000000000000000       0x18 src/syscalls.o
 .debug_macro   0x0000000000000000       0x94 src/syscalls.o
 .debug_macro   0x0000000000000000       0x3c src/syscalls.o
 .debug_macro   0x0000000000000000       0x34 src/syscalls.o
 .debug_macro   0x0000000000000000       0x57 src/syscalls.o
 .debug_macro   0x0000000000000000      0x174 src/syscalls.o
 .debug_macro   0x0000000000000000      0x330 src/syscalls.o
 .debug_macro   0x0000000000000000       0x52 src/syscalls.o
 .debug_macro   0x0000000000000000       0x1f src/syscalls.o
 .debug_macro   0x0000000000000000       0x43 src/syscalls.o
 .debug_macro   0x0000000000000000       0x20 src/syscalls.o
 .debug_macro   0x0000000000000000      0x1a3 src/syscalls.o
 .debug_macro   0x0000000000000000       0x10 src/syscalls.o
 .debug_macro   0x0000000000000000       0x35 src/syscalls.o
 .debug_macro   0x0000000000000000       0x10 src/syscalls.o
 .debug_macro   0x0000000000000000       0x10 src/syscalls.o
 .debug_macro   0x0000000000000000       0x10 src/syscalls.o
 .debug_macro   0x0000000000000000       0x6a src/syscalls.o
 .debug_macro   0x0000000000000000       0x1c src/syscalls.o
 .debug_macro   0x0000000000000000       0x52 src/syscalls.o
 .debug_macro   0x0000000000000000       0x40 src/syscalls.o
 .debug_macro   0x0000000000000000       0x10 src/syscalls.o
 .debug_macro   0x0000000000000000       0x40 src/syscalls.o
 .debug_macro   0x0000000000000000       0xd7 src/syscalls.o
 .debug_macro   0x0000000000000000       0x1c src/syscalls.o
 .debug_macro   0x0000000000000000       0x3d src/syscalls.o
 .debug_macro   0x0000000000000000       0x35 src/syscalls.o
 .debug_macro   0x0000000000000000      0x122 src/syscalls.o
 .debug_macro   0x0000000000000000       0x16 src/syscalls.o
 .debug_macro   0x0000000000000000       0x16 src/syscalls.o
 .debug_macro   0x0000000000000000       0x29 src/syscalls.o
 .debug_macro   0x0000000000000000       0x10 src/syscalls.o
 .debug_macro   0x0000000000000000      0x241 src/syscalls.o
 .debug_macro   0x0000000000000000       0x1c src/syscalls.o
 .debug_macro   0x0000000000000000       0x10 src/syscalls.o
 .debug_macro   0x0000000000000000       0x10 src/syscalls.o
 .debug_macro   0x0000000000000000       0x16 src/syscalls.o
 .debug_macro   0x0000000000000000      0x145 src/syscalls.o
 .debug_macro   0x0000000000000000      0x189 src/syscalls.o
 .debug_macro   0x0000000000000000       0x16 src/syscalls.o
 .debug_macro   0x0000000000000000       0x88 src/syscalls.o
 .debug_line    0x0000000000000000      0x737 src/syscalls.o
 .debug_str     0x0000000000000000     0x8885 src/syscalls.o
 .comment       0x0000000000000000       0x7c src/syscalls.o
 .debug_frame   0x0000000000000000      0x2ac src/syscalls.o
 .ARM.attributes
                0x0000000000000000       0x33 src/syscalls.o
 .group         0x0000000000000000        0xc src/sysmem.o
 .group         0x0000000000000000        0xc src/sysmem.o
 .group         0x0000000000000000        0xc src/sysmem.o
 .group         0x0000000000000000        0xc src/sysmem.o
 .group         0x0000000000000000        0xc src/sysmem.o
 .group         0x0000000000000000        0xc src/sysmem.o
 .group         0x0000000000000000        0xc src/sysmem.o
 .group         0x0000000000000000        0xc src/sysmem.o
 .group         0x0000000000000000        0xc src/sysmem.o
 .group         0x0000000000000000        0xc src/sysmem.o
 .group         0x0000000000000000        0xc src/sysmem.o
 .group         0x0000000000000000        0xc src/sysmem.o
 .group         0x0000000000000000        0xc src/sysmem.o
 .group         0x0000000000000000        0xc src/sysmem.o
 .group         0x0000000000000000        0xc src/sysmem.o
 .group         0x0000000000000000        0xc src/sysmem.o
 .group         0x0000000000000000        0xc src/sysmem.o
 .group         0x0000000000000000        0xc src/sysmem.o
 .group         0x0000000000000000        0xc src/sysmem.o
 .group         0x0000000000000000        0xc src/sysmem.o
 .group         0x0000000000000000        0xc src/sysmem.o
 .group         0x0000000000000000        0xc src/sysmem.o
 .group         0x0000000000000000        0xc src/sysmem.o
 .group         0x0000000000000000        0xc src/sysmem.o
 .group         0x0000000000000000        0xc src/sysmem.o
 .group         0x0000000000000000        0xc src/sysmem.o
 .group         0x0000000000000000        0xc src/sysmem.o
 .group         0x0000000000000000        0xc src/sysmem.o
 .group         0x0000000000000000        0xc src/sysmem.o
 .group         0x0000000000000000        0xc src/sysmem.o
 .group         0x0000000000000000        0xc src/sysmem.o
 .group         0x0000000000000000        0xc src/sysmem.o
 .text          0x0000000000000000        0x0 src/sysmem.o
 .data          0x0000000000000000        0x0 src/sysmem.o
 .bss           0x0000000000000000        0x0 src/sysmem.o
 .bss.heap_end.5149
                0x0000000000000000        0x4 src/sysmem.o
 .text._sbrk    0x0000000000000000       0x58 src/sysmem.o
 .debug_info    0x0000000000000000      0x91c src/sysmem.o
 .debug_abbrev  0x0000000000000000      0x1bb src/sysmem.o
 .debug_aranges
                0x0000000000000000       0x20 src/sysmem.o
 .debug_ranges  0x0000000000000000       0x10 src/sysmem.o
 .debug_macro   0x0000000000000000      0x1ae src/sysmem.o
 .debug_macro   0x0000000000000000      0xa66 src/sysmem.o
 .debug_macro   0x0000000000000000       0x10 src/sysmem.o
 .debug_macro   0x0000000000000000       0x22 src/sysmem.o
 .debug_macro   0x0000000000000000       0x40 src/sysmem.o
 .debug_macro   0x0000000000000000       0x18 src/sysmem.o
 .debug_macro   0x0000000000000000       0x94 src/sysmem.o
 .debug_macro   0x0000000000000000       0x3c src/sysmem.o
 .debug_macro   0x0000000000000000       0x34 src/sysmem.o
 .debug_macro   0x0000000000000000      0x174 src/sysmem.o
 .debug_macro   0x0000000000000000       0x57 src/sysmem.o
 .debug_macro   0x0000000000000000       0x52 src/sysmem.o
 .debug_macro   0x0000000000000000       0x1f src/sysmem.o
 .debug_macro   0x0000000000000000       0x43 src/sysmem.o
 .debug_macro   0x0000000000000000       0x20 src/sysmem.o
 .debug_macro   0x0000000000000000      0x1a3 src/sysmem.o
 .debug_macro   0x0000000000000000      0x23b src/sysmem.o
 .debug_macro   0x0000000000000000       0x16 src/sysmem.o
 .debug_macro   0x0000000000000000       0x35 src/sysmem.o
 .debug_macro   0x0000000000000000      0x330 src/sysmem.o
 .debug_macro   0x0000000000000000       0x10 src/sysmem.o
 .debug_macro   0x0000000000000000       0x10 src/sysmem.o
 .debug_macro   0x0000000000000000       0x6a src/sysmem.o
 .debug_macro   0x0000000000000000       0x1c src/sysmem.o
 .debug_macro   0x0000000000000000       0x52 src/sysmem.o
 .debug_macro   0x0000000000000000       0x40 src/sysmem.o
 .debug_macro   0x0000000000000000       0x10 src/sysmem.o
 .debug_macro   0x0000000000000000       0x40 src/sysmem.o
 .debug_macro   0x0000000000000000       0xd7 src/sysmem.o
 .debug_macro   0x0000000000000000       0x1c src/sysmem.o
 .debug_macro   0x0000000000000000       0x3d src/sysmem.o
 .debug_macro   0x0000000000000000       0x16 src/sysmem.o
 .debug_macro   0x0000000000000000      0x145 src/sysmem.o
 .debug_line    0x0000000000000000      0x557 src/sysmem.o
 .debug_str     0x0000000000000000     0x7ade src/sysmem.o
 .comment       0x0000000000000000       0x7c src/sysmem.o
 .debug_frame   0x0000000000000000       0x34 src/sysmem.o
 .ARM.attributes
                0x0000000000000000       0x33 src/sysmem.o
 .text          0x0000000000000000       0x14 startup/startup_stm32f103c8tx.o
 .data          0x0000000000000000        0x0 startup/startup_stm32f103c8tx.o
 .bss           0x0000000000000000        0x0 startup/startup_stm32f103c8tx.o
 .text          0x0000000000000000        0x0 c:/st/stm32cubeide_1.2.0/stm32cubeide/plugins/com.st.stm32cube.ide.mcu.externaltools.gnu-tools-for-stm32.7-2018-q2-update.win32_1.0.0.201904181610/tools/bin/../lib/gcc/arm-none-eabi/7.3.1/../../../../arm-none-eabi/lib/thumb/v7-m\libc_nano.a(lib_a-errno.o)
 .data          0x0000000000000000        0x0 c:/st/stm32cubeide_1.2.0/stm32cubeide/plugins/com.st.stm32cube.ide.mcu.externaltools.gnu-tools-for-stm32.7-2018-q2-update.win32_1.0.0.201904181610/tools/bin/../lib/gcc/arm-none-eabi/7.3.1/../../../../arm-none-eabi/lib/thumb/v7-m\libc_nano.a(lib_a-errno.o)
 .bss           0x0000000000000000        0x0 c:/st/stm32cubeide_1.2.0/stm32cubeide/plugins/com.st.stm32cube.ide.mcu.externaltools.gnu-tools-for-stm32.7-2018-q2-update.win32_1.0.0.201904181610/tools/bin/../lib/gcc/arm-none-eabi/7.3.1/../../../../arm-none-eabi/lib/thumb/v7-m\libc_nano.a(lib_a-errno.o)
 .text.__errno  0x0000000000000000        0xc c:/st/stm32cubeide_1.2.0/stm32cubeide/plugins/com.st.stm32cube.ide.mcu.externaltools.gnu-tools-for-stm32.7-2018-q2-update.win32_1.0.0.201904181610/tools/bin/../lib/gcc/arm-none-eabi/7.3.1/../../../../arm-none-eabi/lib/thumb/v7-m\libc_nano.a(lib_a-errno.o)
 .debug_frame   0x0000000000000000       0x20 c:/st/stm32cubeide_1.2.0/stm32cubeide/plugins/com.st.stm32cube.ide.mcu.externaltools.gnu-tools-for-stm32.7-2018-q2-update.win32_1.0.0.201904181610/tools/bin/../lib/gcc/arm-none-eabi/7.3.1/../../../../arm-none-eabi/lib/thumb/v7-m\libc_nano.a(lib_a-errno.o)
 .ARM.attributes
                0x0000000000000000       0x2d c:/st/stm32cubeide_1.2.0/stm32cubeide/plugins/com.st.stm32cube.ide.mcu.externaltools.gnu-tools-for-stm32.7-2018-q2-update.win32_1.0.0.201904181610/tools/bin/../lib/gcc/arm-none-eabi/7.3.1/../../../../arm-none-eabi/lib/thumb/v7-m\libc_nano.a(lib_a-errno.o)
 .text          0x0000000000000000        0x0 c:/st/stm32cubeide_1.2.0/stm32cubeide/plugins/com.st.stm32cube.ide.mcu.externaltools.gnu-tools-for-stm32.7-2018-q2-update.win32_1.0.0.201904181610/tools/bin/../lib/gcc/arm-none-eabi/7.3.1/../../../../arm-none-eabi/lib/thumb/v7-m\libc_nano.a(lib_a-exit.o)
 .data          0x0000000000000000        0x0 c:/st/stm32cubeide_1.2.0/stm32cubeide/plugins/com.st.stm32cube.ide.mcu.externaltools.gnu-tools-for-stm32.7-2018-q2-update.win32_1.0.0.201904181610/tools/bin/../lib/gcc/arm-none-eabi/7.3.1/../../../../arm-none-eabi/lib/thumb/v7-m\libc_nano.a(lib_a-exit.o)
 .bss           0x0000000000000000        0x0 c:/st/stm32cubeide_1.2.0/stm32cubeide/plugins/com.st.stm32cube.ide.mcu.externaltools.gnu-tools-for-stm32.7-2018-q2-update.win32_1.0.0.201904181610/tools/bin/../lib/gcc/arm-none-eabi/7.3.1/../../../../arm-none-eabi/lib/thumb/v7-m\libc_nano.a(lib_a-exit.o)
 .text.exit     0x0000000000000000       0x28 c:/st/stm32cubeide_1.2.0/stm32cubeide/plugins/com.st.stm32cube.ide.mcu.externaltools.gnu-tools-for-stm32.7-2018-q2-update.win32_1.0.0.201904181610/tools/bin/../lib/gcc/arm-none-eabi/7.3.1/../../../../arm-none-eabi/lib/thumb/v7-m\libc_nano.a(lib_a-exit.o)
 .debug_frame   0x0000000000000000       0x28 c:/st/stm32cubeide_1.2.0/stm32cubeide/plugins/com.st.stm32cube.ide.mcu.externaltools.gnu-tools-for-stm32.7-2018-q2-update.win32_1.0.0.201904181610/tools/bin/../lib/gcc/arm-none-eabi/7.3.1/../../../../arm-none-eabi/lib/thumb/v7-m\libc_nano.a(lib_a-exit.o)
 .ARM.attributes
                0x0000000000000000       0x2d c:/st/stm32cubeide_1.2.0/stm32cubeide/plugins/com.st.stm32cube.ide.mcu.externaltools.gnu-tools-for-stm32.7-2018-q2-update.win32_1.0.0.201904181610/tools/bin/../lib/gcc/arm-none-eabi/7.3.1/../../../../arm-none-eabi/lib/thumb/v7-m\libc_nano.a(lib_a-exit.o)
 .text          0x0000000000000000        0x0 c:/st/stm32cubeide_1.2.0/stm32cubeide/plugins/com.st.stm32cube.ide.mcu.externaltools.gnu-tools-for-stm32.7-2018-q2-update.win32_1.0.0.201904181610/tools/bin/../lib/gcc/arm-none-eabi/7.3.1/../../../../arm-none-eabi/lib/thumb/v7-m\libc_nano.a(lib_a-impure.o)
 .data          0x0000000000000000        0x0 c:/st/stm32cubeide_1.2.0/stm32cubeide/plugins/com.st.stm32cube.ide.mcu.externaltools.gnu-tools-for-stm32.7-2018-q2-update.win32_1.0.0.201904181610/tools/bin/../lib/gcc/arm-none-eabi/7.3.1/../../../../arm-none-eabi/lib/thumb/v7-m\libc_nano.a(lib_a-impure.o)
 .bss           0x0000000000000000        0x0 c:/st/stm32cubeide_1.2.0/stm32cubeide/plugins/com.st.stm32cube.ide.mcu.externaltools.gnu-tools-for-stm32.7-2018-q2-update.win32_1.0.0.201904181610/tools/bin/../lib/gcc/arm-none-eabi/7.3.1/../../../../arm-none-eabi/lib/thumb/v7-m\libc_nano.a(lib_a-impure.o)
 .data._impure_ptr
                0x0000000000000000        0x4 c:/st/stm32cubeide_1.2.0/stm32cubeide/plugins/com.st.stm32cube.ide.mcu.externaltools.gnu-tools-for-stm32.7-2018-q2-update.win32_1.0.0.201904181610/tools/bin/../lib/gcc/arm-none-eabi/7.3.1/../../../../arm-none-eabi/lib/thumb/v7-m\libc_nano.a(lib_a-impure.o)
 .data.impure_data
                0x0000000000000000       0x60 c:/st/stm32cubeide_1.2.0/stm32cubeide/plugins/com.st.stm32cube.ide.mcu.externaltools.gnu-tools-for-stm32.7-2018-q2-update.win32_1.0.0.201904181610/tools/bin/../lib/gcc/arm-none-eabi/7.3.1/../../../../arm-none-eabi/lib/thumb/v7-m\libc_nano.a(lib_a-impure.o)
 .rodata._global_impure_ptr
                0x0000000000000000        0x4 c:/st/stm32cubeide_1.2.0/stm32cubeide/plugins/com.st.stm32cube.ide.mcu.externaltools.gnu-tools-for-stm32.7-2018-q2-update.win32_1.0.0.201904181610/tools/bin/../lib/gcc/arm-none-eabi/7.3.1/../../../../arm-none-eabi/lib/thumb/v7-m\libc_nano.a(lib_a-impure.o)
 .ARM.attributes
                0x0000000000000000       0x2d c:/st/stm32cubeide_1.2.0/stm32cubeide/plugins/com.st.stm32cube.ide.mcu.externaltools.gnu-tools-for-stm32.7-2018-q2-update.win32_1.0.0.201904181610/tools/bin/../lib/gcc/arm-none-eabi/7.3.1/../../../../arm-none-eabi/lib/thumb/v7-m\libc_nano.a(lib_a-impure.o)
 .text          0x0000000000000000        0x0 c:/st/stm32cubeide_1.2.0/stm32cubeide/plugins/com.st.stm32cube.ide.mcu.externaltools.gnu-tools-for-stm32.7-2018-q2-update.win32_1.0.0.201904181610/tools/bin/../lib/gcc/arm-none-eabi/7.3.1/../../../../arm-none-eabi/lib/thumb/v7-m\libc_nano.a(lib_a-init.o)
 .data          0x0000000000000000        0x0 c:/st/stm32cubeide_1.2.0/stm32cubeide/plugins/com.st.stm32cube.ide.mcu.externaltools.gnu-tools-for-stm32.7-2018-q2-update.win32_1.0.0.201904181610/tools/bin/../lib/gcc/arm-none-eabi/7.3.1/../../../../arm-none-eabi/lib/thumb/v7-m\libc_nano.a(lib_a-init.o)
 .bss           0x0000000000000000        0x0 c:/st/stm32cubeide_1.2.0/stm32cubeide/plugins/com.st.stm32cube.ide.mcu.externaltools.gnu-tools-for-stm32.7-2018-q2-update.win32_1.0.0.201904181610/tools/bin/../lib/gcc/arm-none-eabi/7.3.1/../../../../arm-none-eabi/lib/thumb/v7-m\libc_nano.a(lib_a-init.o)
 .text          0x0000000000000000        0x0 c:/st/stm32cubeide_1.2.0/stm32cubeide/plugins/com.st.stm32cube.ide.mcu.externaltools.gnu-tools-for-stm32.7-2018-q2-update.win32_1.0.0.201904181610/tools/bin/../lib/gcc/arm-none-eabi/7.3.1/../../../../arm-none-eabi/lib/thumb/v7-m\libc_nano.a(lib_a-memset.o)
 .data          0x0000000000000000        0x0 c:/st/stm32cubeide_1.2.0/stm32cubeide/plugins/com.st.stm32cube.ide.mcu.externaltools.gnu-tools-for-stm32.7-2018-q2-update.win32_1.0.0.201904181610/tools/bin/../lib/gcc/arm-none-eabi/7.3.1/../../../../arm-none-eabi/lib/thumb/v7-m\libc_nano.a(lib_a-memset.o)
 .bss           0x0000000000000000        0x0 c:/st/stm32cubeide_1.2.0/stm32cubeide/plugins/com.st.stm32cube.ide.mcu.externaltools.gnu-tools-for-stm32.7-2018-q2-update.win32_1.0.0.201904181610/tools/bin/../lib/gcc/arm-none-eabi/7.3.1/../../../../arm-none-eabi/lib/thumb/v7-m\libc_nano.a(lib_a-memset.o)
 .text.memset   0x0000000000000000       0x10 c:/st/stm32cubeide_1.2.0/stm32cubeide/plugins/com.st.stm32cube.ide.mcu.externaltools.gnu-tools-for-stm32.7-2018-q2-update.win32_1.0.0.201904181610/tools/bin/../lib/gcc/arm-none-eabi/7.3.1/../../../../arm-none-eabi/lib/thumb/v7-m\libc_nano.a(lib_a-memset.o)
 .debug_frame   0x0000000000000000       0x20 c:/st/stm32cubeide_1.2.0/stm32cubeide/plugins/com.st.stm32cube.ide.mcu.externaltools.gnu-tools-for-stm32.7-2018-q2-update.win32_1.0.0.201904181610/tools/bin/../lib/gcc/arm-none-eabi/7.3.1/../../../../arm-none-eabi/lib/thumb/v7-m\libc_nano.a(lib_a-memset.o)
 .ARM.attributes
                0x0000000000000000       0x2d c:/st/stm32cubeide_1.2.0/stm32cubeide/plugins/com.st.stm32cube.ide.mcu.externaltools.gnu-tools-for-stm32.7-2018-q2-update.win32_1.0.0.201904181610/tools/bin/../lib/gcc/arm-none-eabi/7.3.1/../../../../arm-none-eabi/lib/thumb/v7-m\libc_nano.a(lib_a-memset.o)
 .text          0x0000000000000000        0x0 c:/st/stm32cubeide_1.2.0/stm32cubeide/plugins/com.st.stm32cube.ide.mcu.externaltools.gnu-tools-for-stm32.7-2018-q2-update.win32_1.0.0.201904181610/tools/bin/../lib/gcc/arm-none-eabi/7.3.1/thumb/v7-m/crtend.o
 .data          0x0000000000000000        0x0 c:/st/stm32cubeide_1.2.0/stm32cubeide/plugins/com.st.stm32cube.ide.mcu.externaltools.gnu-tools-for-stm32.7-2018-q2-update.win32_1.0.0.201904181610/tools/bin/../lib/gcc/arm-none-eabi/7.3.1/thumb/v7-m/crtend.o
 .bss           0x0000000000000000        0x0 c:/st/stm32cubeide_1.2.0/stm32cubeide/plugins/com.st.stm32cube.ide.mcu.externaltools.gnu-tools-for-stm32.7-2018-q2-update.win32_1.0.0.201904181610/tools/bin/../lib/gcc/arm-none-eabi/7.3.1/thumb/v7-m/crtend.o
 .eh_frame      0x0000000000000000        0x4 c:/st/stm32cubeide_1.2.0/stm32cubeide/plugins/com.st.stm32cube.ide.mcu.externaltools.gnu-tools-for-stm32.7-2018-q2-update.win32_1.0.0.201904181610/tools/bin/../lib/gcc/arm-none-eabi/7.3.1/thumb/v7-m/crtend.o
 .ARM.attributes
                0x0000000000000000       0x2d c:/st/stm32cubeide_1.2.0/stm32cubeide/plugins/com.st.stm32cube.ide.mcu.externaltools.gnu-tools-for-stm32.7-2018-q2-update.win32_1.0.0.201904181610/tools/bin/../lib/gcc/arm-none-eabi/7.3.1/thumb/v7-m/crtend.o
 .text          0x0000000000000000        0x0 c:/st/stm32cubeide_1.2.0/stm32cubeide/plugins/com.st.stm32cube.ide.mcu.externaltools.gnu-tools-for-stm32.7-2018-q2-update.win32_1.0.0.201904181610/tools/bin/../lib/gcc/arm-none-eabi/7.3.1/thumb/v7-m/crtn.o
 .data          0x0000000000000000        0x0 c:/st/stm32cubeide_1.2.0/stm32cubeide/plugins/com.st.stm32cube.ide.mcu.externaltools.gnu-tools-for-stm32.7-2018-q2-update.win32_1.0.0.201904181610/tools/bin/../lib/gcc/arm-none-eabi/7.3.1/thumb/v7-m/crtn.o
 .bss           0x0000000000000000        0x0 c:/st/stm32cubeide_1.2.0/stm32cubeide/plugins/com.st.stm32cube.ide.mcu.externaltools.gnu-tools-for-stm32.7-2018-q2-update.win32_1.0.0.201904181610/tools/bin/../lib/gcc/arm-none-eabi/7.3.1/thumb/v7-m/crtn.o

Memory Configuration

Name             Origin             Length             Attributes
RAM              0x0000000020000000 0x0000000000005000 xrw
ROM              0x0000000008000000 0x0000000000010000 xr
*default*        0x0000000000000000 0xffffffffffffffff

Linker script and memory map

LOAD c:/st/stm32cubeide_1.2.0/stm32cubeide/plugins/com.st.stm32cube.ide.mcu.externaltools.gnu-tools-for-stm32.7-2018-q2-update.win32_1.0.0.201904181610/tools/bin/../lib/gcc/arm-none-eabi/7.3.1/thumb/v7-m/crti.o
LOAD c:/st/stm32cubeide_1.2.0/stm32cubeide/plugins/com.st.stm32cube.ide.mcu.externaltools.gnu-tools-for-stm32.7-2018-q2-update.win32_1.0.0.201904181610/tools/bin/../lib/gcc/arm-none-eabi/7.3.1/thumb/v7-m/crtbegin.o
LOAD c:/st/stm32cubeide_1.2.0/stm32cubeide/plugins/com.st.stm32cube.ide.mcu.externaltools.gnu-tools-for-stm32.7-2018-q2-update.win32_1.0.0.201904181610/tools/bin/../lib/gcc/arm-none-eabi/7.3.1/../../../../arm-none-eabi/lib/thumb/v7-m/crt0.o
LOAD drivers/CMSIS/src/system_stm32f1xx.o
LOAD src/main.o
LOAD src/syscalls.o
LOAD src/sysmem.o
LOAD startup/startup_stm32f103c8tx.o
START GROUP
LOAD c:/st/stm32cubeide_1.2.0/stm32cubeide/plugins/com.st.stm32cube.ide.mcu.externaltools.gnu-tools-for-stm32.7-2018-q2-update.win32_1.0.0.201904181610/tools/bin/../lib/gcc/arm-none-eabi/7.3.1/../../../../arm-none-eabi/lib/thumb/v7-m\libc_nano.a
LOAD c:/st/stm32cubeide_1.2.0/stm32cubeide/plugins/com.st.stm32cube.ide.mcu.externaltools.gnu-tools-for-stm32.7-2018-q2-update.win32_1.0.0.201904181610/tools/bin/../lib/gcc/arm-none-eabi/7.3.1/../../../../arm-none-eabi/lib/thumb/v7-m\libm.a
END GROUP
START GROUP
LOAD c:/st/stm32cubeide_1.2.0/stm32cubeide/plugins/com.st.stm32cube.ide.mcu.externaltools.gnu-tools-for-stm32.7-2018-q2-update.win32_1.0.0.201904181610/tools/bin/../lib/gcc/arm-none-eabi/7.3.1/thumb/v7-m\libgcc.a
LOAD c:/st/stm32cubeide_1.2.0/stm32cubeide/plugins/com.st.stm32cube.ide.mcu.externaltools.gnu-tools-for-stm32.7-2018-q2-update.win32_1.0.0.201904181610/tools/bin/../lib/gcc/arm-none-eabi/7.3.1/../../../../arm-none-eabi/lib/thumb/v7-m\libc_nano.a
END GROUP
START GROUP
LOAD c:/st/stm32cubeide_1.2.0/stm32cubeide/plugins/com.st.stm32cube.ide.mcu.externaltools.gnu-tools-for-stm32.7-2018-q2-update.win32_1.0.0.201904181610/tools/bin/../lib/gcc/arm-none-eabi/7.3.1/thumb/v7-m\libgcc.a
LOAD c:/st/stm32cubeide_1.2.0/stm32cubeide/plugins/com.st.stm32cube.ide.mcu.externaltools.gnu-tools-for-stm32.7-2018-q2-update.win32_1.0.0.201904181610/tools/bin/../lib/gcc/arm-none-eabi/7.3.1/../../../../arm-none-eabi/lib/thumb/v7-m\libc_nano.a
LOAD c:/st/stm32cubeide_1.2.0/stm32cubeide/plugins/com.st.stm32cube.ide.mcu.externaltools.gnu-tools-for-stm32.7-2018-q2-update.win32_1.0.0.201904181610/tools/bin/../lib/gcc/arm-none-eabi/7.3.1/../../../../arm-none-eabi/lib/thumb/v7-m\libnosys.a
END GROUP
START GROUP
LOAD c:/st/stm32cubeide_1.2.0/stm32cubeide/plugins/com.st.stm32cube.ide.mcu.externaltools.gnu-tools-for-stm32.7-2018-q2-update.win32_1.0.0.201904181610/tools/bin/../lib/gcc/arm-none-eabi/7.3.1/thumb/v7-m\libgcc.a
LOAD c:/st/stm32cubeide_1.2.0/stm32cubeide/plugins/com.st.stm32cube.ide.mcu.externaltools.gnu-tools-for-stm32.7-2018-q2-update.win32_1.0.0.201904181610/tools/bin/../lib/gcc/arm-none-eabi/7.3.1/../../../../arm-none-eabi/lib/thumb/v7-m\libc_nano.a
LOAD c:/st/stm32cubeide_1.2.0/stm32cubeide/plugins/com.st.stm32cube.ide.mcu.externaltools.gnu-tools-for-stm32.7-2018-q2-update.win32_1.0.0.201904181610/tools/bin/../lib/gcc/arm-none-eabi/7.3.1/../../../../arm-none-eabi/lib/thumb/v7-m\libnosys.a
END GROUP
LOAD c:/st/stm32cubeide_1.2.0/stm32cubeide/plugins/com.st.stm32cube.ide.mcu.externaltools.gnu-tools-for-stm32.7-2018-q2-update.win32_1.0.0.201904181610/tools/bin/../lib/gcc/arm-none-eabi/7.3.1/thumb/v7-m/crtend.o
LOAD c:/st/stm32cubeide_1.2.0/stm32cubeide/plugins/com.st.stm32cube.ide.mcu.externaltools.gnu-tools-for-stm32.7-2018-q2-update.win32_1.0.0.201904181610/tools/bin/../lib/gcc/arm-none-eabi/7.3.1/thumb/v7-m/crtn.o
                0x0000000020005000                _estack = (ORIGIN (RAM) + LENGTH (RAM))
                0x0000000000000200                _Min_Heap_Size = 0x200
                0x0000000000000400                _Min_Stack_Size = 0x400

.isr_vector     0x0000000008000000      0x130
                0x0000000008000000                . = ALIGN (0x4)
 *(.isr_vector)
 .isr_vector    0x0000000008000000      0x130 startup/startup_stm32f103c8tx.o
                0x0000000008000000                g_pfnVectors
                0x0000000008000130                . = ALIGN (0x4)

.text           0x0000000008000130      0x16c
                0x0000000008000130                . = ALIGN (0x4)
 *(.text)
 .text          0x0000000008000130       0x40 c:/st/stm32cubeide_1.2.0/stm32cubeide/plugins/com.st.stm32cube.ide.mcu.externaltools.gnu-tools-for-stm32.7-2018-q2-update.win32_1.0.0.201904181610/tools/bin/../lib/gcc/arm-none-eabi/7.3.1/thumb/v7-m/crtbegin.o
 *(.text*)
 .text.SystemInit
                0x0000000008000170       0x68 drivers/CMSIS/src/system_stm32f1xx.o
                0x0000000008000170                SystemInit
 .text.main     0x00000000080001d8        0xe src/main.o
                0x00000000080001d8                main
 *fill*         0x00000000080001e6        0x2 
 .text.Reset_Handler
                0x00000000080001e8       0x50 startup/startup_stm32f103c8tx.o
                0x00000000080001e8                Reset_Handler
 .text.Default_Handler
                0x0000000008000238        0x2 startup/startup_stm32f103c8tx.o
                0x0000000008000238                EXTI2_IRQHandler
                0x0000000008000238                TIM8_TRG_COM_IRQHandler
                0x0000000008000238                TIM8_CC_IRQHandler
                0x0000000008000238                DebugMon_Handler
                0x0000000008000238                TIM1_CC_IRQHandler
                0x0000000008000238                HardFault_Handler
                0x0000000008000238                TIM6_IRQHandler
                0x0000000008000238                SysTick_Handler
                0x0000000008000238                PVD_IRQHandler
                0x0000000008000238                SDIO_IRQHandler
                0x0000000008000238                PendSV_Handler
                0x0000000008000238                NMI_Handler
                0x0000000008000238                EXTI3_IRQHandler
                0x0000000008000238                USB_HP_CAN_TX_IRQHandler
                0x0000000008000238                EXTI0_IRQHandler
                0x0000000008000238                I2C2_EV_IRQHandler
                0x0000000008000238                UsageFault_Handler
                0x0000000008000238                ADC1_2_IRQHandler
                0x0000000008000238                SPI1_IRQHandler
                0x0000000008000238                CAN_SCE_IRQHandler
                0x0000000008000238                TAMPER_IRQHandler
                0x0000000008000238                TIM8_UP_IRQHandler
                0x0000000008000238                DMA2_Channel2_IRQHandler
                0x0000000008000238                DMA1_Channel4_IRQHandler
                0x0000000008000238                USART3_IRQHandler
                0x0000000008000238                RTC_IRQHandler
                0x0000000008000238                DMA1_Channel7_IRQHandler
                0x0000000008000238                UART5_IRQHandler
                0x0000000008000238                ADC3_IRQHandler
                0x0000000008000238                TIM4_IRQHandler
                0x0000000008000238                CAN_RX1_IRQHandler
                0x0000000008000238                DMA2_Channel1_IRQHandler
                0x0000000008000238                I2C1_EV_IRQHandler
                0x0000000008000238                DMA1_Channel6_IRQHandler
                0x0000000008000238                UART4_IRQHandler
                0x0000000008000238                TIM3_IRQHandler
                0x0000000008000238                RCC_IRQHandler
                0x0000000008000238                TIM1_TRG_COM_IRQHandler
                0x0000000008000238                DMA1_Channel1_IRQHandler
                0x0000000008000238                Default_Handler
                0x0000000008000238                EXTI15_10_IRQHandler
                0x0000000008000238                TIM7_IRQHandler
                0x0000000008000238                TIM5_IRQHandler
                0x0000000008000238                EXTI9_5_IRQHandler
                0x0000000008000238                SPI2_IRQHandler
                0x0000000008000238                USB_LP_CAN_RX0_IRQHandler
                0x0000000008000238                MemManage_Handler
                0x0000000008000238                SVC_Handler
                0x0000000008000238                DMA1_Channel5_IRQHandler
                0x0000000008000238                EXTI4_IRQHandler
                0x0000000008000238                DMA1_Channel3_IRQHandler
                0x0000000008000238                FSMC_IRQHandler
                0x0000000008000238                TIM1_UP_IRQHandler
                0x0000000008000238                WWDG_IRQHandler
                0x0000000008000238                TIM2_IRQHandler
                0x0000000008000238                TIM1_BRK_IRQHandler
                0x0000000008000238                EXTI1_IRQHandler
                0x0000000008000238                RTCAlarm_IRQHandler
                0x0000000008000238                DMA2_Channel4_5_IRQHandler
                0x0000000008000238                USART2_IRQHandler
                0x0000000008000238                I2C2_ER_IRQHandler
                0x0000000008000238                DMA1_Channel2_IRQHandler
                0x0000000008000238                TIM8_BRK_IRQHandler
                0x0000000008000238                FLASH_IRQHandler
                0x0000000008000238                BusFault_Handler
                0x0000000008000238                USART1_IRQHandler
                0x0000000008000238                SPI3_IRQHandler
                0x0000000008000238                I2C1_ER_IRQHandler
                0x0000000008000238                DMA2_Channel3_IRQHandler
 *fill*         0x000000000800023a        0x2 
 .text.__libc_init_array
                0x000000000800023c       0x48 c:/st/stm32cubeide_1.2.0/stm32cubeide/plugins/com.st.stm32cube.ide.mcu.externaltools.gnu-tools-for-stm32.7-2018-q2-update.win32_1.0.0.201904181610/tools/bin/../lib/gcc/arm-none-eabi/7.3.1/../../../../arm-none-eabi/lib/thumb/v7-m\libc_nano.a(lib_a-init.o)
                0x000000000800023c                __libc_init_array
 *(.glue_7)
 .glue_7        0x0000000008000284        0x0 linker stubs
 *(.glue_7t)
 .glue_7t       0x0000000008000284        0x0 linker stubs
 *(.eh_frame)
 .eh_frame      0x0000000008000284        0x0 c:/st/stm32cubeide_1.2.0/stm32cubeide/plugins/com.st.stm32cube.ide.mcu.externaltools.gnu-tools-for-stm32.7-2018-q2-update.win32_1.0.0.201904181610/tools/bin/../lib/gcc/arm-none-eabi/7.3.1/thumb/v7-m/crtbegin.o
 *(.init)
 .init          0x0000000008000284        0x4 c:/st/stm32cubeide_1.2.0/stm32cubeide/plugins/com.st.stm32cube.ide.mcu.externaltools.gnu-tools-for-stm32.7-2018-q2-update.win32_1.0.0.201904181610/tools/bin/../lib/gcc/arm-none-eabi/7.3.1/thumb/v7-m/crti.o
                0x0000000008000284                _init
 .init          0x0000000008000288        0x8 c:/st/stm32cubeide_1.2.0/stm32cubeide/plugins/com.st.stm32cube.ide.mcu.externaltools.gnu-tools-for-stm32.7-2018-q2-update.win32_1.0.0.201904181610/tools/bin/../lib/gcc/arm-none-eabi/7.3.1/thumb/v7-m/crtn.o
 *(.fini)
 .fini          0x0000000008000290        0x4 c:/st/stm32cubeide_1.2.0/stm32cubeide/plugins/com.st.stm32cube.ide.mcu.externaltools.gnu-tools-for-stm32.7-2018-q2-update.win32_1.0.0.201904181610/tools/bin/../lib/gcc/arm-none-eabi/7.3.1/thumb/v7-m/crti.o
                0x0000000008000290                _fini
 .fini          0x0000000008000294        0x8 c:/st/stm32cubeide_1.2.0/stm32cubeide/plugins/com.st.stm32cube.ide.mcu.externaltools.gnu-tools-for-stm32.7-2018-q2-update.win32_1.0.0.201904181610/tools/bin/../lib/gcc/arm-none-eabi/7.3.1/thumb/v7-m/crtn.o
                0x000000000800029c                . = ALIGN (0x4)
                0x000000000800029c                _etext = .

.vfp11_veneer   0x000000000800029c        0x0
 .vfp11_veneer  0x000000000800029c        0x0 linker stubs

.v4_bx          0x000000000800029c        0x0
 .v4_bx         0x000000000800029c        0x0 linker stubs

.iplt           0x000000000800029c        0x0
 .iplt          0x000000000800029c        0x0 c:/st/stm32cubeide_1.2.0/stm32cubeide/plugins/com.st.stm32cube.ide.mcu.externaltools.gnu-tools-for-stm32.7-2018-q2-update.win32_1.0.0.201904181610/tools/bin/../lib/gcc/arm-none-eabi/7.3.1/thumb/v7-m/crtbegin.o

.rel.dyn        0x000000000800029c        0x0
 .rel.iplt      0x000000000800029c        0x0 c:/st/stm32cubeide_1.2.0/stm32cubeide/plugins/com.st.stm32cube.ide.mcu.externaltools.gnu-tools-for-stm32.7-2018-q2-update.win32_1.0.0.201904181610/tools/bin/../lib/gcc/arm-none-eabi/7.3.1/thumb/v7-m/crtbegin.o

.rodata         0x000000000800029c        0x0
                0x000000000800029c                . = ALIGN (0x4)
 *(.rodata)
 *(.rodata*)
                0x000000000800029c                . = ALIGN (0x4)

.ARM.extab      0x000000000800029c        0x0
                0x000000000800029c                . = ALIGN (0x4)
 *(.ARM.extab* .gnu.linkonce.armextab.*)
                0x000000000800029c                . = ALIGN (0x4)

.ARM            0x000000000800029c        0x0
                0x000000000800029c                . = ALIGN (0x4)
                0x000000000800029c                __exidx_start = .
 *(.ARM.exidx*)
                0x000000000800029c                __exidx_end = .
                0x000000000800029c                . = ALIGN (0x4)

.preinit_array  0x000000000800029c        0x0
                0x000000000800029c                . = ALIGN (0x4)
                0x000000000800029c                PROVIDE (__preinit_array_start = .)
 *(.preinit_array*)
                0x000000000800029c                PROVIDE (__preinit_array_end = .)
                0x000000000800029c                . = ALIGN (0x4)

.init_array     0x000000000800029c        0x4
                0x000000000800029c                . = ALIGN (0x4)
                0x000000000800029c                PROVIDE (__init_array_start = .)
 *(SORT_BY_NAME(.init_array.*))
 *(.init_array*)
 .init_array    0x000000000800029c        0x4 c:/st/stm32cubeide_1.2.0/stm32cubeide/plugins/com.st.stm32cube.ide.mcu.externaltools.gnu-tools-for-stm32.7-2018-q2-update.win32_1.0.0.201904181610/tools/bin/../lib/gcc/arm-none-eabi/7.3.1/thumb/v7-m/crtbegin.o
                0x00000000080002a0                PROVIDE (__init_array_end = .)
                0x00000000080002a0                . = ALIGN (0x4)

.fini_array     0x00000000080002a0        0x4
                0x00000000080002a0                . = ALIGN (0x4)
                [!provide]                        PROVIDE (__fini_array_start = .)
 *(SORT_BY_NAME(.fini_array.*))
 *(.fini_array*)
 .fini_array    0x00000000080002a0        0x4 c:/st/stm32cubeide_1.2.0/stm32cubeide/plugins/com.st.stm32cube.ide.mcu.externaltools.gnu-tools-for-stm32.7-2018-q2-update.win32_1.0.0.201904181610/tools/bin/../lib/gcc/arm-none-eabi/7.3.1/thumb/v7-m/crtbegin.o
                [!provide]                        PROVIDE (__fini_array_end = .)
                0x00000000080002a4                . = ALIGN (0x4)
                0x00000000080002a4                _sidata = LOADADDR (.data)

.data           0x0000000020000000        0x0 load address 0x00000000080002a4
                0x0000000020000000                . = ALIGN (0x4)
                0x0000000020000000                _sdata = .
 *(.data)
 *(.data*)
                0x0000000020000000                . = ALIGN (0x4)
                0x0000000020000000                _edata = .

.igot.plt       0x0000000020000000        0x0 load address 0x00000000080002a4
 .igot.plt      0x0000000020000000        0x0 c:/st/stm32cubeide_1.2.0/stm32cubeide/plugins/com.st.stm32cube.ide.mcu.externaltools.gnu-tools-for-stm32.7-2018-q2-update.win32_1.0.0.201904181610/tools/bin/../lib/gcc/arm-none-eabi/7.3.1/thumb/v7-m/crtbegin.o
                0x0000000020000000                . = ALIGN (0x4)

.bss            0x0000000020000000       0x1c load address 0x00000000080002a4
                0x0000000020000000                _sbss = .
                0x0000000020000000                __bss_start__ = _sbss
 *(.bss)
 .bss           0x0000000020000000       0x1c c:/st/stm32cubeide_1.2.0/stm32cubeide/plugins/com.st.stm32cube.ide.mcu.externaltools.gnu-tools-for-stm32.7-2018-q2-update.win32_1.0.0.201904181610/tools/bin/../lib/gcc/arm-none-eabi/7.3.1/thumb/v7-m/crtbegin.o
 *(.bss*)
 *(COMMON)
                0x000000002000001c                . = ALIGN (0x4)
                0x000000002000001c                _ebss = .
                0x000000002000001c                __bss_end__ = _ebss

._user_heap_stack
                0x000000002000001c      0x604 load address 0x00000000080002a4
                0x0000000020000020                . = ALIGN (0x8)
 *fill*         0x000000002000001c        0x4 
                0x0000000020000020                PROVIDE (end = .)
                [!provide]                        PROVIDE (_end = .)
                0x0000000020000220                . = (. + _Min_Heap_Size)
 *fill*         0x0000000020000020      0x200 
                0x0000000020000620                . = (. + _Min_Stack_Size)
 *fill*         0x0000000020000220      0x400 
                0x0000000020000620                . = ALIGN (0x8)

/DISCARD/
 libc.a(*)
 libm.a(*)
 libgcc.a(*)

.ARM.attributes
                0x0000000000000000       0x29
 *(.ARM.attributes)
 .ARM.attributes
                0x0000000000000000       0x1d c:/st/stm32cubeide_1.2.0/stm32cubeide/plugins/com.st.stm32cube.ide.mcu.externaltools.gnu-tools-for-stm32.7-2018-q2-update.win32_1.0.0.201904181610/tools/bin/../lib/gcc/arm-none-eabi/7.3.1/thumb/v7-m/crti.o
 .ARM.attributes
                0x000000000000001d       0x2d c:/st/stm32cubeide_1.2.0/stm32cubeide/plugins/com.st.stm32cube.ide.mcu.externaltools.gnu-tools-for-stm32.7-2018-q2-update.win32_1.0.0.201904181610/tools/bin/../lib/gcc/arm-none-eabi/7.3.1/thumb/v7-m/crtbegin.o
 .ARM.attributes
                0x000000000000004a       0x33 drivers/CMSIS/src/system_stm32f1xx.o
 .ARM.attributes
                0x000000000000007d       0x33 src/main.o
 .ARM.attributes
                0x00000000000000b0       0x21 startup/startup_stm32f103c8tx.o
 .ARM.attributes
                0x00000000000000d1       0x2d c:/st/stm32cubeide_1.2.0/stm32cubeide/plugins/com.st.stm32cube.ide.mcu.externaltools.gnu-tools-for-stm32.7-2018-q2-update.win32_1.0.0.201904181610/tools/bin/../lib/gcc/arm-none-eabi/7.3.1/../../../../arm-none-eabi/lib/thumb/v7-m\libc_nano.a(lib_a-init.o)
 .ARM.attributes
                0x00000000000000fe       0x1d c:/st/stm32cubeide_1.2.0/stm32cubeide/plugins/com.st.stm32cube.ide.mcu.externaltools.gnu-tools-for-stm32.7-2018-q2-update.win32_1.0.0.201904181610/tools/bin/../lib/gcc/arm-none-eabi/7.3.1/thumb/v7-m/crtn.o
OUTPUT(stm32f103c8-template.elf elf32-littlearm)

.debug_info     0x0000000000000000      0x52f
 .debug_info    0x0000000000000000      0x3e5 drivers/CMSIS/src/system_stm32f1xx.o
 .debug_info    0x00000000000003e5      0x128 src/main.o
 .debug_info    0x000000000000050d       0x22 startup/startup_stm32f103c8tx.o

.debug_abbrev   0x0000000000000000      0x1dc
 .debug_abbrev  0x0000000000000000      0x134 drivers/CMSIS/src/system_stm32f1xx.o
 .debug_abbrev  0x0000000000000134       0x96 src/main.o
 .debug_abbrev  0x00000000000001ca       0x12 startup/startup_stm32f103c8tx.o

.debug_aranges  0x0000000000000000       0x70
 .debug_aranges
                0x0000000000000000       0x28 drivers/CMSIS/src/system_stm32f1xx.o
 .debug_aranges
                0x0000000000000028       0x20 src/main.o
 .debug_aranges
                0x0000000000000048       0x28 startup/startup_stm32f103c8tx.o

.debug_ranges   0x0000000000000000       0x48
 .debug_ranges  0x0000000000000000       0x18 drivers/CMSIS/src/system_stm32f1xx.o
 .debug_ranges  0x0000000000000018       0x10 src/main.o
 .debug_ranges  0x0000000000000028       0x20 startup/startup_stm32f103c8tx.o

.debug_macro    0x0000000000000000     0xff78
 .debug_macro   0x0000000000000000       0xce drivers/CMSIS/src/system_stm32f1xx.o
 .debug_macro   0x00000000000000ce      0xa66 drivers/CMSIS/src/system_stm32f1xx.o
 .debug_macro   0x0000000000000b34       0x28 drivers/CMSIS/src/system_stm32f1xx.o
 .debug_macro   0x0000000000000b5c       0x22 drivers/CMSIS/src/system_stm32f1xx.o
 .debug_macro   0x0000000000000b7e       0x22 drivers/CMSIS/src/system_stm32f1xx.o
 .debug_macro   0x0000000000000ba0       0x8e drivers/CMSIS/src/system_stm32f1xx.o
 .debug_macro   0x0000000000000c2e       0x51 drivers/CMSIS/src/system_stm32f1xx.o
 .debug_macro   0x0000000000000c7f       0xef drivers/CMSIS/src/system_stm32f1xx.o
 .debug_macro   0x0000000000000d6e       0x6a drivers/CMSIS/src/system_stm32f1xx.o
 .debug_macro   0x0000000000000dd8      0x1df drivers/CMSIS/src/system_stm32f1xx.o
 .debug_macro   0x0000000000000fb7       0x1c drivers/CMSIS/src/system_stm32f1xx.o
 .debug_macro   0x0000000000000fd3       0x22 drivers/CMSIS/src/system_stm32f1xx.o
 .debug_macro   0x0000000000000ff5       0xc3 drivers/CMSIS/src/system_stm32f1xx.o
 .debug_macro   0x00000000000010b8      0xd23 drivers/CMSIS/src/system_stm32f1xx.o
 .debug_macro   0x0000000000001ddb     0xe09e drivers/CMSIS/src/system_stm32f1xx.o
 .debug_macro   0x000000000000fe79       0x43 drivers/CMSIS/src/system_stm32f1xx.o
 .debug_macro   0x000000000000febc       0xbc src/main.o

.debug_line     0x0000000000000000      0x963
 .debug_line    0x0000000000000000      0x49d drivers/CMSIS/src/system_stm32f1xx.o
 .debug_line    0x000000000000049d      0x442 src/main.o
 .debug_line    0x00000000000008df       0x84 startup/startup_stm32f103c8tx.o

.debug_str      0x0000000000000000    0x540bf
 .debug_str     0x0000000000000000    0x5407b drivers/CMSIS/src/system_stm32f1xx.o
                                      0x542ad (size before relaxing)
 .debug_str     0x000000000005407b       0x13 src/main.o
                                      0x54180 (size before relaxing)
 .debug_str     0x000000000005408e       0x31 startup/startup_stm32f103c8tx.o
                                         0x72 (size before relaxing)

.comment        0x0000000000000000       0x7b
 .comment       0x0000000000000000       0x7b drivers/CMSIS/src/system_stm32f1xx.o
                                         0x7c (size before relaxing)
 .comment       0x000000000000007b       0x7c src/main.o

.debug_frame    0x0000000000000000       0xb4
 .debug_frame   0x0000000000000000       0x58 drivers/CMSIS/src/system_stm32f1xx.o
 .debug_frame   0x0000000000000058       0x30 src/main.o
 .debug_frame   0x0000000000000088       0x2c c:/st/stm32cubeide_1.2.0/stm32cubeide/plugins/com.st.stm32cube.ide.mcu.externaltools.gnu-tools-for-stm32.7-2018-q2-update.win32_1.0.0.201904181610/tools/bin/../lib/gcc/arm-none-eabi/7.3.1/../../../../arm-none-eabi/lib/thumb/v7-m\libc_nano.a(lib_a-init.o)
